------------------------------------------------------------
TimeQuest Timing Analyzer Summary
------------------------------------------------------------

Type  : Slow Model Setup 'clk_25m'
Slack : -3.139
TNS   : -15.094

Type  : Slow Model Hold 'clk_25m'
Slack : 0.204
TNS   : 0.000

Type  : Slow Model Recovery 'clk_25m'
Slack : -2.521
TNS   : -10.386

Type  : Slow Model Removal 'clk_25m'
Slack : 2.893
TNS   : 0.000

Type  : Slow Model Minimum Pulse Width 'clk_25m'
Slack : 18.758
TNS   : 0.000

Type  : Slow Model Minimum Pulse Width 'qbus_sync'
Slack : 248.758
TNS   : 0.000

Type  : Slow Model Minimum Pulse Width 'qbus_dout'
Slack : 497.223
TNS   : 0.000

Type  : Fast Model Setup 'clk_25m'
Slack : 8.746
TNS   : 0.000

Type  : Fast Model Hold 'clk_25m'
Slack : 0.203
TNS   : 0.000

Type  : Fast Model Recovery 'clk_25m'
Slack : 13.531
TNS   : 0.000

Type  : Fast Model Removal 'clk_25m'
Slack : 0.979
TNS   : 0.000

Type  : Fast Model Minimum Pulse Width 'clk_25m'
Slack : 19.000
TNS   : 0.000

Type  : Fast Model Minimum Pulse Width 'qbus_sync'
Slack : 249.000
TNS   : 0.000

Type  : Fast Model Minimum Pulse Width 'qbus_dout'
Slack : 497.778
TNS   : 0.000

------------------------------------------------------------
