------------------------------------------------------------
TimeQuest Timing Analyzer Summary
------------------------------------------------------------

Type  : Slow Model Setup 'clk_25m'
Slack : 4.252
TNS   : 0.000

Type  : Slow Model Hold 'clk_25m'
Slack : 0.499
TNS   : 0.000

Type  : Slow Model Recovery 'clk_25m'
Slack : 3.643
TNS   : 0.000

Type  : Slow Model Recovery 'qbus_sync'
Slack : 4.879
TNS   : 0.000

Type  : Slow Model Removal 'clk_25m'
Slack : 2.233
TNS   : 0.000

Type  : Slow Model Removal 'qbus_sync'
Slack : 10.432
TNS   : 0.000

Type  : Slow Model Minimum Pulse Width 'clk_25m'
Slack : 18.758
TNS   : 0.000

Type  : Slow Model Minimum Pulse Width 'qbus_sync'
Slack : 248.758
TNS   : 0.000

Type  : Slow Model Minimum Pulse Width 'qbus_dout'
Slack : 497.223
TNS   : 0.000

Type  : Fast Model Setup 'clk_25m'
Slack : 8.106
TNS   : 0.000

Type  : Fast Model Hold 'clk_25m'
Slack : 0.203
TNS   : 0.000

Type  : Fast Model Recovery 'clk_25m'
Slack : 7.946
TNS   : 0.000

Type  : Fast Model Recovery 'qbus_sync'
Slack : 8.303
TNS   : 0.000

Type  : Fast Model Removal 'clk_25m'
Slack : 0.568
TNS   : 0.000

Type  : Fast Model Removal 'qbus_sync'
Slack : 10.525
TNS   : 0.000

Type  : Fast Model Minimum Pulse Width 'clk_25m'
Slack : 19.000
TNS   : 0.000

Type  : Fast Model Minimum Pulse Width 'qbus_sync'
Slack : 249.000
TNS   : 0.000

Type  : Fast Model Minimum Pulse Width 'qbus_dout'
Slack : 497.778
TNS   : 0.000

------------------------------------------------------------
