------------------------------------------------------------
TimeQuest Timing Analyzer Summary
------------------------------------------------------------

Type  : Slow Model Setup 'clk_25m'
Slack : 2.114
TNS   : 0.000

Type  : Slow Model Hold 'clk_25m'
Slack : 0.499
TNS   : 0.000

Type  : Slow Model Recovery 'clk_25m'
Slack : 1.815
TNS   : 0.000

Type  : Slow Model Recovery 'qbus_sync'
Slack : 4.425
TNS   : 0.000

Type  : Slow Model Removal 'clk_25m'
Slack : 2.194
TNS   : 0.000

Type  : Slow Model Removal 'qbus_sync'
Slack : 11.022
TNS   : 0.000

Type  : Slow Model Minimum Pulse Width 'clk_25m'
Slack : 18.758
TNS   : 0.000

Type  : Slow Model Minimum Pulse Width 'qbus_sync'
Slack : 248.758
TNS   : 0.000

Type  : Slow Model Minimum Pulse Width 'qbus_dout'
Slack : 497.223
TNS   : 0.000

Type  : Fast Model Setup 'clk_25m'
Slack : 7.406
TNS   : 0.000

Type  : Fast Model Hold 'clk_25m'
Slack : 0.203
TNS   : 0.000

Type  : Fast Model Recovery 'clk_25m'
Slack : 7.248
TNS   : 0.000

Type  : Fast Model Recovery 'qbus_sync'
Slack : 8.141
TNS   : 0.000

Type  : Fast Model Removal 'clk_25m'
Slack : 0.562
TNS   : 0.000

Type  : Fast Model Removal 'qbus_sync'
Slack : 10.630
TNS   : 0.000

Type  : Fast Model Minimum Pulse Width 'clk_25m'
Slack : 19.000
TNS   : 0.000

Type  : Fast Model Minimum Pulse Width 'qbus_sync'
Slack : 249.000
TNS   : 0.000

Type  : Fast Model Minimum Pulse Width 'qbus_dout'
Slack : 497.778
TNS   : 0.000

------------------------------------------------------------
